1	45797228	rs36053993	C	T	.	.	CAVA_TYPE=Substitution;CAVA_TRANSCRIPT=ENST00000456914.7;CAVA_GENE=MUTYH;CAVA_GENEID=ENSG00000132781.19;CAVA_TRINFO=-/10730bp/16/1708bp/521;CAVA_LOC=Ex13;CAVA_CSN=c.1103G>A_p.Gly368Asp;CAVA_PROTPOS=368;CAVA_PROTREF=G;CAVA_PROTALT=D;CAVA_CLASS=EE;CAVA_SO=splice_region_variant|missense_variant;CAVA_IMPACT=2;CAVA_ALTANN=.;CAVA_ALTCLASS=.;CAVA_ALTSO=.;CAVA_HGVSc=ENST00000456914.7(MUTYH):c.1103G>A;CAVA_HGVSp=ENSP00000407590.2:p.(Gly368Asp)	GT	0/1
13	32893291	rs80358435	G	T	.	.	RS=80358435;RSPOS=32893291;dbSNPBuildID=132;SSR=0;SAO=0;VP=0x050160000605000002100100;GENEINFO=BRCA2:675;WGT=1;VC=SNV;PM;SLO;NSN;REF;ASP;LSD;CAVA_TYPE=Substitution;CAVA_TRANSCRIPT=ENST00000380152.8;CAVA_GENE=BRCA2;CAVA_GENEID=ENSG00000139618.16;CAVA_TRINFO=+/84762bp/27/11954bp/3418;CAVA_LOC=Ex3;CAVA_CSN=c.145G>T_p.Glu49Ter;CAVA_PROTPOS=49;CAVA_PROTREF=E;CAVA_PROTALT=X;CAVA_CLASS=SG;CAVA_SO=stop_gained;CAVA_IMPACT=1;CAVA_ALTANN=.;CAVA_ALTCLASS=.;CAVA_ALTSO=.;CAVA_HGVSc=ENST00000380152.8(BRCA2):c.145G>T;CAVA_HGVSp=ENSP00000369497.3:p.(Glu49Ter)	GT	0/1
17	41197729	rs80357258	T	C	.	.	RS=80357258;RSPOS=41197729;RV;dbSNPBuildID=132;SSR=0;SAO=0;VP=0x050360800a05000002100100;GENEINFO=BRCA1:672;WGT=1;VC=SNV;PM;S3D;SLO;NSM;REF;U3;ASP;LSD;CAVA_TYPE=Substitution;CAVA_TRANSCRIPT=ENST00000357654.9;CAVA_GENE=BRCA1;CAVA_GENEID=ENSG00000012048.23;CAVA_TRINFO=-/81071bp/23/7088bp/1863;CAVA_LOC=Ex23;CAVA_CSN=c.5558A>G_p.Tyr1853Cys;CAVA_PROTPOS=1853;CAVA_PROTREF=Y;CAVA_PROTALT=C;CAVA_CLASS=NSY;CAVA_SO=missense_variant;CAVA_IMPACT=2;CAVA_ALTANN=.;CAVA_ALTCLASS=.;CAVA_ALTSO=.;CAVA_HGVSc=ENST00000357654.9(BRCA1):c.5558A>G;CAVA_HGVSp=ENSP00000350283.3:p.(Tyr1853Cys)	GT	0/1
